\BOOKMARK [1][]{section.2}{\376\377\137\025\212\000}{}% 1
\BOOKMARK [1][]{section.4}{\376\377\166\370\121\163\135\345\117\134}{}% 2
\BOOKMARK [2][]{subsection.5}{\376\377\155\367\124\010\163\260\133\236\116\055\166\204\167\037\133\236\162\151\117\123\217\375\216\052\116\016\225\032\133\232}{section.4}% 3
\BOOKMARK [2][]{subsection.6}{\376\377\127\372\116\216\152\041\127\213\166\204\0006\000D\000o\000F\162\151\117\123\117\115\131\377\117\060\213\241}{section.4}% 4
\BOOKMARK [2][]{subsection.7}{\376\377\145\366\136\366\060\001\156\344\154\342\116\016\206\132\133\236\221\115\121\306}{section.4}% 5
\BOOKMARK [1][]{section.8}{\376\377\174\373\176\337\213\276\213\241}{}% 6
\BOOKMARK [2][]{subsection.9}{\376\377\213\276\213\241\166\356\150\007\116\016\211\302\155\113\131\121\176\246}{section.8}% 7
\BOOKMARK [2][]{subsection.12}{\376\377\141\037\167\345\124\016\172\357\116\016\123\357\227\140\140\047\213\312\145\255}{section.8}% 8
\BOOKMARK [1][]{section.14}{\376\377\211\302\155\113\122\060\225\032\160\271\217\320\210\114\145\366}{}% 9
\BOOKMARK [2][]{subsection.15}{\376\377\221\307\226\306\145\366\122\073\116\026\165\114\133\371\237\120}{section.14}% 10
\BOOKMARK [2][]{subsection.17}{\376\377\211\302\155\113\143\245\176\263\116\016\162\266\140\001\117\060\213\241}{section.14}% 11
\BOOKMARK [2][]{subsection.18}{\376\377\123\206\123\362\145\366\136\217\124\010\142\020}{section.14}% 12
\BOOKMARK [2][]{subsection.19}{\376\377\227\131\153\142\225\032\133\232\116\016\165\037\124\175\124\150\147\037}{section.14}% 13
\BOOKMARK [1][]{section.20}{\376\377\174\373\176\337\133\236\163\260}{}% 14
\BOOKMARK [1][]{section.21}{\376\377\174\373\176\337\213\304\117\060}{}% 15
\BOOKMARK [2][]{subsection.22}{\376\377\133\236\232\214\116\000\377\032\172\357\122\060\172\357\225\032\160\271\210\114\116\072}{section.21}% 16
\BOOKMARK [2][]{subsection.29}{\376\377\133\236\232\214\116\214\377\032\176\304\116\366\137\122\126\340}{section.21}% 17
\BOOKMARK [2][]{subsection.31}{\376\377\133\236\232\214\116\011\377\032\141\037\167\345\215\050\221\317\116\016\172\172\225\364\150\007\154\350\117\341\116\373}{section.21}% 18
\BOOKMARK [1][]{section.37}{\376\377\213\250\213\272}{}% 19
\BOOKMARK [2][]{subsection.38}{\376\377\122\250\140\001\225\032\133\232\166\204\150\070\137\303\146\057\217\320\210\114\145\366\213\355\116\111}{section.37}% 20
\BOOKMARK [2][]{subsection.39}{\376\377\172\063\133\232\140\047\116\016\124\315\136\224\140\047\147\204\142\020\200\124\124\010\176\323\147\234}{section.37}% 21
\BOOKMARK [2][]{subsection.40}{\376\377\123\357\230\204\155\113\166\204\140\142\131\015\210\114\116\072\137\161\124\315\117\341\116\373}{section.37}% 22
\BOOKMARK [2][]{subsection.41}{\376\377\134\100\226\120}{section.37}% 23
\BOOKMARK [1][]{section.42}{\376\377\176\323\213\272}{}% 24
