$ xelatex -interaction=nonstopmode -halt-on-error EgoAnchor_IEEEVR2027_corrected_newdata_v3_standalone.tex
This is XeTeX, Version 3.141592653-2.6-0.999996 (TeX Live 2025/dev/Debian) (preloaded format=xelatex)
 restricted \write18 enabled.
entering extended mode
(./EgoAnchor_IEEEVR2027_corrected_newdata_v3_standalone.tex
LaTeX2e <2024-11-01> patch level 2
L3 programming layer <2025-01-18>
(/usr/share/texlive/texmf-dist/tex/latex/extsizes/extarticle.cls
Document Class: extarticle 1996/10/08 v1.0 Non Standard LaTeX document class
(/usr/share/texlive/texmf-dist/tex/latex/extsizes/size9.clo)
(/usr/share/texlive/texmf-dist/tex/latex/base/exscale.sty))
(/usr/share/texlive/texmf-dist/tex/latex/geometry/geometry.sty
(/usr/share/texlive/texmf-dist/tex/latex/graphics/keyval.sty)
(/usr/share/texlive/texmf-dist/tex/generic/iftex/ifvtex.sty
(/usr/share/texlive/texmf-dist/tex/generic/iftex/iftex.sty)))
(/usr/share/texlive/texmf-dist/tex/latex/fontspec/fontspec.sty
(/usr/share/texlive/texmf-dist/tex/latex/l3packages/xparse/xparse.sty
(/usr/share/texlive/texmf-dist/tex/latex/l3kernel/expl3.sty
(/usr/share/texlive/texmf-dist/tex/latex/l3backend/l3backend-xetex.def)))
(/usr/share/texlive/texmf-dist/tex/latex/fontspec/fontspec-xetex.sty
(/usr/share/texlive/texmf-dist/tex/latex/base/fontenc.sty)
(/usr/share/texlive/texmf-dist/tex/latex/fontspec/fontspec.cfg)))
(/usr/share/texlive/texmf-dist/tex/xelatex/xecjk/xeCJK.sty
(/usr/share/texlive/texmf-dist/tex/latex/ctex/ctexhook.sty)
(/usr/share/texlive/texmf-dist/tex/latex/l3packages/xtemplate/xtemplate.sty)
(/usr/share/texlive/texmf-dist/tex/xelatex/xecjk/xeCJK.cfg))
(/usr/share/texlive/texmf-dist/tex/latex/amsmath/amsmath.sty
For additional information on amsmath, use the `?' option.
(/usr/share/texlive/texmf-dist/tex/latex/amsmath/amstext.sty
(/usr/share/texlive/texmf-dist/tex/latex/amsmath/amsgen.sty))
(/usr/share/texlive/texmf-dist/tex/latex/amsmath/amsbsy.sty)
(/usr/share/texlive/texmf-dist/tex/latex/amsmath/amsopn.sty))
(/usr/share/texlive/texmf-dist/tex/latex/amsfonts/amssymb.sty
(/usr/share/texlive/texmf-dist/tex/latex/amsfonts/amsfonts.sty))
(/usr/share/texlive/texmf-dist/tex/latex/tools/array.sty)
(/usr/share/texlive/texmf-dist/tex/latex/booktabs/booktabs.sty)
(/usr/share/texlive/texmf-dist/tex/latex/multirow/multirow.sty)
(/usr/share/texlive/texmf-dist/tex/latex/tools/tabularx.sty)
(/usr/share/texlive/texmf-dist/tex/latex/xcolor/xcolor.sty
(/usr/share/texlive/texmf-dist/tex/latex/graphics-cfg/color.cfg)
(/usr/share/texlive/texmf-dist/tex/latex/graphics-def/xetex.def)
(/usr/share/texlive/texmf-dist/tex/latex/graphics/mathcolor.ltx))
(/usr/share/texlive/texmf-dist/tex/latex/graphics/graphicx.sty
(/usr/share/texlive/texmf-dist/tex/latex/graphics/graphics.sty
(/usr/share/texlive/texmf-dist/tex/latex/graphics/trig.sty)
(/usr/share/texlive/texmf-dist/tex/latex/graphics-cfg/graphics.cfg)))
(/usr/share/texlive/texmf-dist/tex/latex/microtype/microtype.sty
(/usr/share/texlive/texmf-dist/tex/latex/etoolbox/etoolbox.sty)
(/usr/share/texlive/texmf-dist/tex/latex/microtype/microtype-xetex.def)
(/usr/share/texlive/texmf-dist/tex/latex/microtype/microtype.cfg))
(/usr/share/texlive/texmf-dist/tex/latex/enumitem/enumitem.sty)
(/usr/share/texlive/texmf-dist/tex/latex/titlesec/titlesec.sty)
(/usr/share/texlive/texmf-dist/tex/latex/caption/caption.sty
(/usr/share/texlive/texmf-dist/tex/latex/caption/caption3.sty))
(/usr/share/texlive/texmf-dist/tex/latex/fancyhdr/fancyhdr.sty)
(/usr/share/texlive/texmf-dist/tex/latex/placeins/placeins.sty)
(/usr/share/texlive/texmf-dist/tex/latex/hyperref/hyperref.sty
(/usr/share/texlive/texmf-dist/tex/latex/kvsetkeys/kvsetkeys.sty)
(/usr/share/texlive/texmf-dist/tex/generic/kvdefinekeys/kvdefinekeys.sty)
(/usr/share/texlive/texmf-dist/tex/generic/pdfescape/pdfescape.sty
(/usr/share/texlive/texmf-dist/tex/generic/ltxcmds/ltxcmds.sty)
(/usr/share/texlive/texmf-dist/tex/generic/pdftexcmds/pdftexcmds.sty
(/usr/share/texlive/texmf-dist/tex/generic/infwarerr/infwarerr.sty)))
(/usr/share/texlive/texmf-dist/tex/latex/hycolor/hycolor.sty)
(/usr/share/texlive/texmf-dist/tex/latex/hyperref/nameref.sty
(/usr/share/texlive/texmf-dist/tex/latex/refcount/refcount.sty)
(/usr/share/texlive/texmf-dist/tex/generic/gettitlestring/gettitlestring.sty
(/usr/share/texlive/texmf-dist/tex/latex/kvoptions/kvoptions.sty)))
(/usr/share/texlive/texmf-dist/tex/generic/stringenc/stringenc.sty)
(/usr/share/texlive/texmf-dist/tex/latex/hyperref/pd1enc.def)
(/usr/share/texlive/texmf-dist/tex/generic/intcalc/intcalc.sty)
(/usr/share/texlive/texmf-dist/tex/latex/hyperref/puenc.def)
(/usr/share/texlive/texmf-dist/tex/latex/url/url.sty)
(/usr/share/texlive/texmf-dist/tex/generic/bitset/bitset.sty
(/usr/share/texlive/texmf-dist/tex/generic/bigintcalc/bigintcalc.sty))
(/usr/share/texlive/texmf-dist/tex/latex/base/atbegshi-ltx.sty))
(/usr/share/texlive/texmf-dist/tex/latex/hyperref/hxetex.def
(/usr/share/texlive/texmf-dist/tex/latex/rerunfilecheck/rerunfilecheck.sty
(/usr/share/texlive/texmf-dist/tex/latex/base/atveryend-ltx.sty)
(/usr/share/texlive/texmf-dist/tex/generic/uniquecounter/uniquecounter.sty)))
No file EgoAnchor_IEEEVR2027_corrected_newdata_v3_standalone.aux.
*geometry* driver: auto-detecting
*geometry* detected driver: xetex

Package hyperref Warning: Rerun to get /PageLabels entry.

(/usr/share/texlive/texmf-dist/tex/latex/amsfonts/umsa.fd)
(/usr/share/texlive/texmf-dist/tex/latex/microtype/mt-msa.cfg)
(/usr/share/texlive/texmf-dist/tex/latex/amsfonts/umsb.fd)
(/usr/share/texlive/texmf-dist/tex/latex/microtype/mt-msb.cfg)
(/usr/share/texlive/texmf-dist/tex/latex/microtype/mt-cmr.cfg)

LaTeX Warning: Citation `appleObjectAnchor' on page 1 undefined on input line 1
13.


LaTeX Warning: Citation `azureObjectAnchors' on page 1 undefined on input line 
113.


LaTeX Warning: Citation `vuforiaModelTargets' on page 1 undefined on input line
 113.


LaTeX Warning: Citation `metaDynamicObjectTracker' on page 1 undefined on input
 line 113.


LaTeX Warning: Citation `posecnn2017' on page 1 undefined on input line 113.


LaTeX Warning: Citation `densefusion2019' on page 1 undefined on input line 113
.


LaTeX Warning: Citation `cosypose2020' on page 1 undefined on input line 113.


LaTeX Warning: Citation `megapose2022' on page 1 undefined on input line 113.


LaTeX Warning: Citation `foundationpose2023' on page 1 undefined on input line 
113.


Underfull \vbox (badness 10000) has occurred while \output is active

LaTeX Warning: Citation `yoloe2025' on page 1 undefined on input line 117.


LaTeX Warning: Citation `cutie2024' on page 1 undefined on input line 117.


LaTeX Warning: Citation `foundationstereo2025' on page 1 undefined on input lin
e 117.


LaTeX Warning: Citation `foundationpose2023' on page 1 undefined on input line 
117.


LaTeX Warning: Citation `appleObjectAnchor' on page 1 undefined on input line 1
19.


LaTeX Warning: Citation `azureObjectAnchors' on page 1 undefined on input line 
119.


LaTeX Warning: Citation `metaDynamicObjectTracker' on page 1 undefined on input
 line 119.


Underfull \vbox (badness 10000) has occurred while \output is active
[1]

LaTeX Warning: Citation `kato1999artoolkit' on page 2 undefined on input line 1
37.


LaTeX Warning: Citation `olson2011apriltag' on page 2 undefined on input line 1
37.


LaTeX Warning: Citation `garridojurado2014aruco' on page 2 undefined on input l
ine 137.


LaTeX Warning: Citation `googleArcoreAugmentedImages' on page 2 undefined on in
put line 137.


LaTeX Warning: Citation `azuma1994improving' on page 2 undefined on input line 
155.


LaTeX Warning: Citation `diluca2010latency' on page 2 undefined on input line 1
55.


Underfull \vbox (badness 10000) has occurred while \output is active

LaTeX Warning: Citation `vanwaveren2016atw' on page 2 undefined on input line 1
59.


LaTeX Warning: Reference `fig:arch' on page 2 undefined on input line 168.


[2]
Underfull \vbox (badness 1997) has occurred while \output is active

[3]

LaTeX Warning: Reference `eq:zncc' on page 4 undefined on input line 297.


LaTeX Warning: Reference `eq:world-transform' on page 4 undefined on input line
 330.



LaTeX Warning: Citation `kalman1960new' on page 4 undefined on input line 337.


[4]

LaTeX Warning: Reference `sec:pipeline-detail' on page 5 undefined on input lin
e 413.


LaTeX Warning: Reference `sec:alignment' on page 5 undefined on input line 413.



LaTeX Warning: Reference `sec:staticlock' on page 5 undefined on input line 413
.


LaTeX Warning: Reference `sec:smoothing' on page 5 undefined on input line 415.




LaTeX Warning: Reference `eq:world-transform' on page 5 undefined on input line
 434.


LaTeX Warning: Reference `eq:adaptive-delay' on page 5 undefined on input line 
436.


LaTeX Warning: Reference `sec:staticlock' on page 5 undefined on input line 436
.


LaTeX Font Warning: Font shape `TU/NotoSerifCJKSC(0)/m/it' undefined
(Font)              using `TU/NotoSerifCJKSC(0)/m/n' instead on input line 449.



Underfull \vbox (badness 10000) has occurred while \output is active
[5]

LaTeX Warning: Reference `tab:exp1-final' on page 6 undefined on input line 495
.


Underfull \vbox (badness 10000) has occurred while \output is active

LaTeX Warning: Reference `tab:exp1-final' on page 6 undefined on input line 506
.


LaTeX Warning: Reference `tab:exp1-final' on page 6 undefined on input line 506
.


[6] [7]
Underfull \vbox (badness 10000) has occurred while \output is active

Underfull \vbox (badness 10000) has occurred while \output is active
[8]
No file EgoAnchor_IEEEVR2027_corrected_newdata_v3_standalone.bbl.


[9] (./EgoAnchor_IEEEVR2027_corrected_newdata_v3_standalone.aux)

LaTeX Font Warning: Some font shapes were not available, defaults substituted.


LaTeX Warning: There were undefined references.


LaTeX Warning: Label(s) may have changed. Rerun to get cross-references right.


Package rerunfilecheck Warning: File `EgoAnchor_IEEEVR2027_corrected_newdata_v3
_standalone.out' has changed.
(rerunfilecheck)                Rerun to get outlines right
(rerunfilecheck)                or use package `bookmark'.

 )
(see the transcript file for additional information)
Output written on EgoAnchor_IEEEVR2027_corrected_newdata_v3_standalone.pdf (9 p
ages).
Transcript written on EgoAnchor_IEEEVR2027_corrected_newdata_v3_standalone.log.


$ bibtex.original EgoAnchor_IEEEVR2027_corrected_newdata_v3_standalone
This is BibTeX, Version 0.99d (TeX Live 2025/dev/Debian)
The top-level auxiliary file: EgoAnchor_IEEEVR2027_corrected_newdata_v3_standalone.aux
The style file: IEEEtran.bst
Database file #1: egoanchor_cn_refs.bib
-- IEEEtran.bst version 1.14 (2015/08/26) by Michael Shell.
-- http://www.michaelshell.org/tex/ieeetran/bibtex/
-- See the "IEEEtran_bst_HOWTO.pdf" manual for usage information.

Done.

$ xelatex -interaction=nonstopmode -halt-on-error EgoAnchor_IEEEVR2027_corrected_newdata_v3_standalone.tex
This is XeTeX, Version 3.141592653-2.6-0.999996 (TeX Live 2025/dev/Debian) (preloaded format=xelatex)
 restricted \write18 enabled.
entering extended mode
(./EgoAnchor_IEEEVR2027_corrected_newdata_v3_standalone.tex
LaTeX2e <2024-11-01> patch level 2
L3 programming layer <2025-01-18>
(/usr/share/texlive/texmf-dist/tex/latex/extsizes/extarticle.cls
Document Class: extarticle 1996/10/08 v1.0 Non Standard LaTeX document class
(/usr/share/texlive/texmf-dist/tex/latex/extsizes/size9.clo)
(/usr/share/texlive/texmf-dist/tex/latex/base/exscale.sty))
(/usr/share/texlive/texmf-dist/tex/latex/geometry/geometry.sty
(/usr/share/texlive/texmf-dist/tex/latex/graphics/keyval.sty)
(/usr/share/texlive/texmf-dist/tex/generic/iftex/ifvtex.sty
(/usr/share/texlive/texmf-dist/tex/generic/iftex/iftex.sty)))
(/usr/share/texlive/texmf-dist/tex/latex/fontspec/fontspec.sty
(/usr/share/texlive/texmf-dist/tex/latex/l3packages/xparse/xparse.sty
(/usr/share/texlive/texmf-dist/tex/latex/l3kernel/expl3.sty
(/usr/share/texlive/texmf-dist/tex/latex/l3backend/l3backend-xetex.def)))
(/usr/share/texlive/texmf-dist/tex/latex/fontspec/fontspec-xetex.sty
(/usr/share/texlive/texmf-dist/tex/latex/base/fontenc.sty)
(/usr/share/texlive/texmf-dist/tex/latex/fontspec/fontspec.cfg)))
(/usr/share/texlive/texmf-dist/tex/xelatex/xecjk/xeCJK.sty
(/usr/share/texlive/texmf-dist/tex/latex/ctex/ctexhook.sty)
(/usr/share/texlive/texmf-dist/tex/latex/l3packages/xtemplate/xtemplate.sty)
(/usr/share/texlive/texmf-dist/tex/xelatex/xecjk/xeCJK.cfg))
(/usr/share/texlive/texmf-dist/tex/latex/amsmath/amsmath.sty
For additional information on amsmath, use the `?' option.
(/usr/share/texlive/texmf-dist/tex/latex/amsmath/amstext.sty
(/usr/share/texlive/texmf-dist/tex/latex/amsmath/amsgen.sty))
(/usr/share/texlive/texmf-dist/tex/latex/amsmath/amsbsy.sty)
(/usr/share/texlive/texmf-dist/tex/latex/amsmath/amsopn.sty))
(/usr/share/texlive/texmf-dist/tex/latex/amsfonts/amssymb.sty
(/usr/share/texlive/texmf-dist/tex/latex/amsfonts/amsfonts.sty))
(/usr/share/texlive/texmf-dist/tex/latex/tools/array.sty)
(/usr/share/texlive/texmf-dist/tex/latex/booktabs/booktabs.sty)
(/usr/share/texlive/texmf-dist/tex/latex/multirow/multirow.sty)
(/usr/share/texlive/texmf-dist/tex/latex/tools/tabularx.sty)
(/usr/share/texlive/texmf-dist/tex/latex/xcolor/xcolor.sty
(/usr/share/texlive/texmf-dist/tex/latex/graphics-cfg/color.cfg)
(/usr/share/texlive/texmf-dist/tex/latex/graphics-def/xetex.def)
(/usr/share/texlive/texmf-dist/tex/latex/graphics/mathcolor.ltx))
(/usr/share/texlive/texmf-dist/tex/latex/graphics/graphicx.sty
(/usr/share/texlive/texmf-dist/tex/latex/graphics/graphics.sty
(/usr/share/texlive/texmf-dist/tex/latex/graphics/trig.sty)
(/usr/share/texlive/texmf-dist/tex/latex/graphics-cfg/graphics.cfg)))
(/usr/share/texlive/texmf-dist/tex/latex/microtype/microtype.sty
(/usr/share/texlive/texmf-dist/tex/latex/etoolbox/etoolbox.sty)
(/usr/share/texlive/texmf-dist/tex/latex/microtype/microtype-xetex.def)
(/usr/share/texlive/texmf-dist/tex/latex/microtype/microtype.cfg))
(/usr/share/texlive/texmf-dist/tex/latex/enumitem/enumitem.sty)
(/usr/share/texlive/texmf-dist/tex/latex/titlesec/titlesec.sty)
(/usr/share/texlive/texmf-dist/tex/latex/caption/caption.sty
(/usr/share/texlive/texmf-dist/tex/latex/caption/caption3.sty))
(/usr/share/texlive/texmf-dist/tex/latex/fancyhdr/fancyhdr.sty)
(/usr/share/texlive/texmf-dist/tex/latex/placeins/placeins.sty)
(/usr/share/texlive/texmf-dist/tex/latex/hyperref/hyperref.sty
(/usr/share/texlive/texmf-dist/tex/latex/kvsetkeys/kvsetkeys.sty)
(/usr/share/texlive/texmf-dist/tex/generic/kvdefinekeys/kvdefinekeys.sty)
(/usr/share/texlive/texmf-dist/tex/generic/pdfescape/pdfescape.sty
(/usr/share/texlive/texmf-dist/tex/generic/ltxcmds/ltxcmds.sty)
(/usr/share/texlive/texmf-dist/tex/generic/pdftexcmds/pdftexcmds.sty
(/usr/share/texlive/texmf-dist/tex/generic/infwarerr/infwarerr.sty)))
(/usr/share/texlive/texmf-dist/tex/latex/hycolor/hycolor.sty)
(/usr/share/texlive/texmf-dist/tex/latex/hyperref/nameref.sty
(/usr/share/texlive/texmf-dist/tex/latex/refcount/refcount.sty)
(/usr/share/texlive/texmf-dist/tex/generic/gettitlestring/gettitlestring.sty
(/usr/share/texlive/texmf-dist/tex/latex/kvoptions/kvoptions.sty)))
(/usr/share/texlive/texmf-dist/tex/generic/stringenc/stringenc.sty)
(/usr/share/texlive/texmf-dist/tex/latex/hyperref/pd1enc.def)
(/usr/share/texlive/texmf-dist/tex/generic/intcalc/intcalc.sty)
(/usr/share/texlive/texmf-dist/tex/latex/hyperref/puenc.def)
(/usr/share/texlive/texmf-dist/tex/latex/url/url.sty)
(/usr/share/texlive/texmf-dist/tex/generic/bitset/bitset.sty
(/usr/share/texlive/texmf-dist/tex/generic/bigintcalc/bigintcalc.sty))
(/usr/share/texlive/texmf-dist/tex/latex/base/atbegshi-ltx.sty))
(/usr/share/texlive/texmf-dist/tex/latex/hyperref/hxetex.def
(/usr/share/texlive/texmf-dist/tex/latex/rerunfilecheck/rerunfilecheck.sty
(/usr/share/texlive/texmf-dist/tex/latex/base/atveryend-ltx.sty)
(/usr/share/texlive/texmf-dist/tex/generic/uniquecounter/uniquecounter.sty)))
(./EgoAnchor_IEEEVR2027_corrected_newdata_v3_standalone.aux)
*geometry* driver: auto-detecting
*geometry* detected driver: xetex
(./EgoAnchor_IEEEVR2027_corrected_newdata_v3_standalone.out)
(./EgoAnchor_IEEEVR2027_corrected_newdata_v3_standalone.out)
(/usr/share/texlive/texmf-dist/tex/latex/amsfonts/umsa.fd)
(/usr/share/texlive/texmf-dist/tex/latex/microtype/mt-msa.cfg)
(/usr/share/texlive/texmf-dist/tex/latex/amsfonts/umsb.fd)
(/usr/share/texlive/texmf-dist/tex/latex/microtype/mt-msb.cfg)
(/usr/share/texlive/texmf-dist/tex/latex/microtype/mt-cmr.cfg)

LaTeX Warning: Citation `appleObjectAnchor' on page 1 undefined on input line 1
13.


LaTeX Warning: Citation `azureObjectAnchors' on page 1 undefined on input line 
113.


LaTeX Warning: Citation `vuforiaModelTargets' on page 1 undefined on input line
 113.


LaTeX Warning: Citation `metaDynamicObjectTracker' on page 1 undefined on input
 line 113.


LaTeX Warning: Citation `posecnn2017' on page 1 undefined on input line 113.


LaTeX Warning: Citation `densefusion2019' on page 1 undefined on input line 113
.


LaTeX Warning: Citation `cosypose2020' on page 1 undefined on input line 113.


LaTeX Warning: Citation `megapose2022' on page 1 undefined on input line 113.


LaTeX Warning: Citation `foundationpose2023' on page 1 undefined on input line 
113.


Underfull \vbox (badness 10000) has occurred while \output is active

LaTeX Warning: Citation `yoloe2025' on page 1 undefined on input line 117.


LaTeX Warning: Citation `cutie2024' on page 1 undefined on input line 117.


LaTeX Warning: Citation `foundationstereo2025' on page 1 undefined on input lin
e 117.


LaTeX Warning: Citation `foundationpose2023' on page 1 undefined on input line 
117.


LaTeX Warning: Citation `appleObjectAnchor' on page 1 undefined on input line 1
19.


LaTeX Warning: Citation `azureObjectAnchors' on page 1 undefined on input line 
119.


LaTeX Warning: Citation `metaDynamicObjectTracker' on page 1 undefined on input
 line 119.


Underfull \vbox (badness 10000) has occurred while \output is active
[1]

LaTeX Warning: Citation `kato1999artoolkit' on page 2 undefined on input line 1
37.


LaTeX Warning: Citation `olson2011apriltag' on page 2 undefined on input line 1
37.


LaTeX Warning: Citation `garridojurado2014aruco' on page 2 undefined on input l
ine 137.


LaTeX Warning: Citation `googleArcoreAugmentedImages' on page 2 undefined on in
put line 137.


LaTeX Warning: Citation `azuma1994improving' on page 2 undefined on input line 
155.


LaTeX Warning: Citation `diluca2010latency' on page 2 undefined on input line 1
55.


Underfull \vbox (badness 10000) has occurred while \output is active

LaTeX Warning: Citation `vanwaveren2016atw' on page 2 undefined on input line 1
59.


[2]
Underfull \vbox (badness 1997) has occurred while \output is active

[3]

LaTeX Warning: Citation `kalman1960new' on page 4 undefined on input line 337.


[4]

LaTeX Font Warning: Font shape `TU/NotoSerifCJKSC(0)/m/it' undefined
(Font)              using `TU/NotoSerifCJKSC(0)/m/n' instead on input line 449.



Underfull \vbox (badness 10000) has occurred while \output is active
[5]
Underfull \vbox (badness 10000) has occurred while \output is active

[6] [7]
Underfull \vbox (badness 10000) has occurred while \output is active

Underfull \vbox (badness 10000) has occurred while \output is active
[8] (./EgoAnchor_IEEEVR2027_corrected_newdata_v3_standalone.bbl
Underfull \hbox (badness 1783) in paragraph at lines 25--26
[]\TU/LiberationSerif(0)/m/n/9 Apple Developer Documentation, “Objectanchor,” 2
024, ac-

Underfull \hbox (badness 2134) in paragraph at lines 87--91
\TU/LiberationSerif(0)/m/n/9 M. Marín-Jiménez, “Automatic generation and detect
ion of

)
[9] (./EgoAnchor_IEEEVR2027_corrected_newdata_v3_standalone.aux)

LaTeX Font Warning: Some font shapes were not available, defaults substituted.


LaTeX Warning: There were undefined references.


LaTeX Warning: Label(s) may have changed. Rerun to get cross-references right.

 )
(see the transcript file for additional information)
Output written on EgoAnchor_IEEEVR2027_corrected_newdata_v3_standalone.pdf (9 p
ages).
Transcript written on EgoAnchor_IEEEVR2027_corrected_newdata_v3_standalone.log.


$ xelatex -interaction=nonstopmode -halt-on-error EgoAnchor_IEEEVR2027_corrected_newdata_v3_standalone.tex
This is XeTeX, Version 3.141592653-2.6-0.999996 (TeX Live 2025/dev/Debian) (preloaded format=xelatex)
 restricted \write18 enabled.
entering extended mode
(./EgoAnchor_IEEEVR2027_corrected_newdata_v3_standalone.tex
LaTeX2e <2024-11-01> patch level 2
L3 programming layer <2025-01-18>
(/usr/share/texlive/texmf-dist/tex/latex/extsizes/extarticle.cls
Document Class: extarticle 1996/10/08 v1.0 Non Standard LaTeX document class
(/usr/share/texlive/texmf-dist/tex/latex/extsizes/size9.clo)
(/usr/share/texlive/texmf-dist/tex/latex/base/exscale.sty))
(/usr/share/texlive/texmf-dist/tex/latex/geometry/geometry.sty
(/usr/share/texlive/texmf-dist/tex/latex/graphics/keyval.sty)
(/usr/share/texlive/texmf-dist/tex/generic/iftex/ifvtex.sty
(/usr/share/texlive/texmf-dist/tex/generic/iftex/iftex.sty)))
(/usr/share/texlive/texmf-dist/tex/latex/fontspec/fontspec.sty
(/usr/share/texlive/texmf-dist/tex/latex/l3packages/xparse/xparse.sty
(/usr/share/texlive/texmf-dist/tex/latex/l3kernel/expl3.sty
(/usr/share/texlive/texmf-dist/tex/latex/l3backend/l3backend-xetex.def)))
(/usr/share/texlive/texmf-dist/tex/latex/fontspec/fontspec-xetex.sty
(/usr/share/texlive/texmf-dist/tex/latex/base/fontenc.sty)
(/usr/share/texlive/texmf-dist/tex/latex/fontspec/fontspec.cfg)))
(/usr/share/texlive/texmf-dist/tex/xelatex/xecjk/xeCJK.sty
(/usr/share/texlive/texmf-dist/tex/latex/ctex/ctexhook.sty)
(/usr/share/texlive/texmf-dist/tex/latex/l3packages/xtemplate/xtemplate.sty)
(/usr/share/texlive/texmf-dist/tex/xelatex/xecjk/xeCJK.cfg))
(/usr/share/texlive/texmf-dist/tex/latex/amsmath/amsmath.sty
For additional information on amsmath, use the `?' option.
(/usr/share/texlive/texmf-dist/tex/latex/amsmath/amstext.sty
(/usr/share/texlive/texmf-dist/tex/latex/amsmath/amsgen.sty))
(/usr/share/texlive/texmf-dist/tex/latex/amsmath/amsbsy.sty)
(/usr/share/texlive/texmf-dist/tex/latex/amsmath/amsopn.sty))
(/usr/share/texlive/texmf-dist/tex/latex/amsfonts/amssymb.sty
(/usr/share/texlive/texmf-dist/tex/latex/amsfonts/amsfonts.sty))
(/usr/share/texlive/texmf-dist/tex/latex/tools/array.sty)
(/usr/share/texlive/texmf-dist/tex/latex/booktabs/booktabs.sty)
(/usr/share/texlive/texmf-dist/tex/latex/multirow/multirow.sty)
(/usr/share/texlive/texmf-dist/tex/latex/tools/tabularx.sty)
(/usr/share/texlive/texmf-dist/tex/latex/xcolor/xcolor.sty
(/usr/share/texlive/texmf-dist/tex/latex/graphics-cfg/color.cfg)
(/usr/share/texlive/texmf-dist/tex/latex/graphics-def/xetex.def)
(/usr/share/texlive/texmf-dist/tex/latex/graphics/mathcolor.ltx))
(/usr/share/texlive/texmf-dist/tex/latex/graphics/graphicx.sty
(/usr/share/texlive/texmf-dist/tex/latex/graphics/graphics.sty
(/usr/share/texlive/texmf-dist/tex/latex/graphics/trig.sty)
(/usr/share/texlive/texmf-dist/tex/latex/graphics-cfg/graphics.cfg)))
(/usr/share/texlive/texmf-dist/tex/latex/microtype/microtype.sty
(/usr/share/texlive/texmf-dist/tex/latex/etoolbox/etoolbox.sty)
(/usr/share/texlive/texmf-dist/tex/latex/microtype/microtype-xetex.def)
(/usr/share/texlive/texmf-dist/tex/latex/microtype/microtype.cfg))
(/usr/share/texlive/texmf-dist/tex/latex/enumitem/enumitem.sty)
(/usr/share/texlive/texmf-dist/tex/latex/titlesec/titlesec.sty)
(/usr/share/texlive/texmf-dist/tex/latex/caption/caption.sty
(/usr/share/texlive/texmf-dist/tex/latex/caption/caption3.sty))
(/usr/share/texlive/texmf-dist/tex/latex/fancyhdr/fancyhdr.sty)
(/usr/share/texlive/texmf-dist/tex/latex/placeins/placeins.sty)
(/usr/share/texlive/texmf-dist/tex/latex/hyperref/hyperref.sty
(/usr/share/texlive/texmf-dist/tex/latex/kvsetkeys/kvsetkeys.sty)
(/usr/share/texlive/texmf-dist/tex/generic/kvdefinekeys/kvdefinekeys.sty)
(/usr/share/texlive/texmf-dist/tex/generic/pdfescape/pdfescape.sty
(/usr/share/texlive/texmf-dist/tex/generic/ltxcmds/ltxcmds.sty)
(/usr/share/texlive/texmf-dist/tex/generic/pdftexcmds/pdftexcmds.sty
(/usr/share/texlive/texmf-dist/tex/generic/infwarerr/infwarerr.sty)))
(/usr/share/texlive/texmf-dist/tex/latex/hycolor/hycolor.sty)
(/usr/share/texlive/texmf-dist/tex/latex/hyperref/nameref.sty
(/usr/share/texlive/texmf-dist/tex/latex/refcount/refcount.sty)
(/usr/share/texlive/texmf-dist/tex/generic/gettitlestring/gettitlestring.sty
(/usr/share/texlive/texmf-dist/tex/latex/kvoptions/kvoptions.sty)))
(/usr/share/texlive/texmf-dist/tex/generic/stringenc/stringenc.sty)
(/usr/share/texlive/texmf-dist/tex/latex/hyperref/pd1enc.def)
(/usr/share/texlive/texmf-dist/tex/generic/intcalc/intcalc.sty)
(/usr/share/texlive/texmf-dist/tex/latex/hyperref/puenc.def)
(/usr/share/texlive/texmf-dist/tex/latex/url/url.sty)
(/usr/share/texlive/texmf-dist/tex/generic/bitset/bitset.sty
(/usr/share/texlive/texmf-dist/tex/generic/bigintcalc/bigintcalc.sty))
(/usr/share/texlive/texmf-dist/tex/latex/base/atbegshi-ltx.sty))
(/usr/share/texlive/texmf-dist/tex/latex/hyperref/hxetex.def
(/usr/share/texlive/texmf-dist/tex/latex/rerunfilecheck/rerunfilecheck.sty
(/usr/share/texlive/texmf-dist/tex/latex/base/atveryend-ltx.sty)
(/usr/share/texlive/texmf-dist/tex/generic/uniquecounter/uniquecounter.sty)))
(./EgoAnchor_IEEEVR2027_corrected_newdata_v3_standalone.aux)
*geometry* driver: auto-detecting
*geometry* detected driver: xetex
(./EgoAnchor_IEEEVR2027_corrected_newdata_v3_standalone.out)
(./EgoAnchor_IEEEVR2027_corrected_newdata_v3_standalone.out)
(/usr/share/texlive/texmf-dist/tex/latex/amsfonts/umsa.fd)
(/usr/share/texlive/texmf-dist/tex/latex/microtype/mt-msa.cfg)
(/usr/share/texlive/texmf-dist/tex/latex/amsfonts/umsb.fd)
(/usr/share/texlive/texmf-dist/tex/latex/microtype/mt-msb.cfg)
(/usr/share/texlive/texmf-dist/tex/latex/microtype/mt-cmr.cfg)
Underfull \vbox (badness 10000) has occurred while \output is active

Underfull \vbox (badness 10000) has occurred while \output is active
[1]
Underfull \vbox (badness 10000) has occurred while \output is active

[2]
Underfull \vbox (badness 1997) has occurred while \output is active

[3]

[4]

LaTeX Font Warning: Font shape `TU/NotoSerifCJKSC(0)/m/it' undefined
(Font)              using `TU/NotoSerifCJKSC(0)/m/n' instead on input line 449.



Underfull \vbox (badness 10000) has occurred while \output is active
[5]
Underfull \vbox (badness 10000) has occurred while \output is active

[6] [7]
Underfull \vbox (badness 10000) has occurred while \output is active

Underfull \vbox (badness 10000) has occurred while \output is active
[8] (./EgoAnchor_IEEEVR2027_corrected_newdata_v3_standalone.bbl
Underfull \hbox (badness 1783) in paragraph at lines 25--26
[]\TU/LiberationSerif(0)/m/n/9 Apple Developer Documentation, “Objectanchor,” 2
024, ac-

Underfull \hbox (badness 2134) in paragraph at lines 87--91
\TU/LiberationSerif(0)/m/n/9 M. Marín-Jiménez, “Automatic generation and detect
ion of

)
[9] (./EgoAnchor_IEEEVR2027_corrected_newdata_v3_standalone.aux)

LaTeX Font Warning: Some font shapes were not available, defaults substituted.

 )
(see the transcript file for additional information)
Output written on EgoAnchor_IEEEVR2027_corrected_newdata_v3_standalone.pdf (9 p
ages).
Transcript written on EgoAnchor_IEEEVR2027_corrected_newdata_v3_standalone.log.

