\BOOKMARK [1][-]{section.1}{\376\377\137\025\212\000}{}% 1
\BOOKMARK [1][-]{section.2}{\376\377\166\370\121\163\135\345\117\134}{}% 2
\BOOKMARK [2][-]{subsection.2.1}{\376\377\136\163\123\360\176\247\167\037\133\236\162\151\117\123\225\032\133\232}{section.2}% 3
\BOOKMARK [2][-]{subsection.2.2}{\376\377\0006\000D\000o\000F\000\040\162\151\117\123\117\115\131\377\117\060\213\241\116\016\215\337\216\052}{section.2}% 4
\BOOKMARK [2][-]{subsection.2.3}{\376\377\000X\000R\000\040\145\366\136\366\210\145\120\177\116\016\145\366\225\364\116\000\201\364\140\047}{section.2}% 5
\BOOKMARK [1][-]{section.3}{\376\377\000E\000g\000o\000A\000n\000c\000h\000o\000r\000\040\174\373\176\337}{}% 6
\BOOKMARK [2][-]{subsection.3.1}{\376\377\213\276\213\241\166\356\150\007\116\016\174\373\176\337\151\202\211\310}{section.3}% 7
\BOOKMARK [2][-]{subsection.3.2}{\376\377\133\371\214\141\141\037\167\345}{section.3}% 8
\BOOKMARK [3][-]{subsubsection.3.2.1}{\376\377\226\366\150\067\147\054\211\306\211\311\143\250\164\006}{subsection.3.2}% 9
\BOOKMARK [3][-]{subsubsection.3.2.2}{\376\377\123\357\227\140\140\047\213\304\122\006}{subsection.3.2}% 10
\BOOKMARK [2][-]{subsection.3.3}{\376\377\133\371\214\141\225\032\133\232}{section.3}% 11
\BOOKMARK [3][-]{subsubsection.3.3.1}{\376\377\145\366\172\172\133\371\237\120}{subsection.3.3}% 12
\BOOKMARK [3][-]{subsubsection.3.3.2}{\376\377\217\320\122\250\117\060\213\241\116\016\136\163\156\321}{subsection.3.3}% 13
\BOOKMARK [3][-]{subsubsection.3.3.3}{\376\377\227\131\153\142\225\032\133\232}{subsection.3.3}% 14
\BOOKMARK [3][-]{subsubsection.3.3.4}{\376\377\165\037\124\175\124\150\147\037\173\241\164\006}{subsection.3.3}% 15
\BOOKMARK [1][-]{section.4}{\376\377\174\373\176\337\133\236\163\260}{}% 16
\BOOKMARK [2][-]{subsection.4.1}{\376\377\211\306\211\311\141\037\167\345\124\016\172\357}{section.4}% 17
\BOOKMARK [2][-]{subsection.4.2}{\376\377\133\371\214\141\225\032\133\232\217\320\210\114\145\366}{section.4}% 18
\BOOKMARK [2][-]{subsection.4.3}{\376\377\215\350\172\357\220\032\117\341}{section.4}% 19
\BOOKMARK [1][-]{section.5}{\376\377\174\373\176\337\213\304\117\060}{}% 20
\BOOKMARK [2][-]{subsection.5.1}{\376\377\133\236\232\214\213\276\213\241\060\001\210\305\177\156\116\016\176\337\213\241\123\125\117\115}{section.5}% 21
\BOOKMARK [2][-]{subsection.5.2}{\376\377\174\373\176\337\221\115\177\156}{section.5}% 22
\BOOKMARK [2][-]{subsection.5.3}{\376\377\133\236\232\214\116\000\377\032\136\224\165\050\117\247\225\032\160\271\210\114\116\072}{section.5}% 23
\BOOKMARK [2][-]{subsection.5.4}{\376\377\133\236\232\214\116\214\377\032\176\304\116\366\137\122\126\340}{section.5}% 24
\BOOKMARK [2][-]{subsection.5.5}{\376\377\213\304\116\367\143\007\150\007\116\016\154\107\140\073\131\121\176\246}{section.5}% 25
\BOOKMARK [2][-]{subsection.5.6}{\376\377\133\236\232\214\116\011\377\032\215\350\133\371\214\141\165\050\142\067\170\024\172\166\213\241\122\022}{section.5}% 26
\BOOKMARK [1][-]{section.6}{\376\377\213\250\213\272\116\016\134\100\226\120}{}% 27
\BOOKMARK [2][-]{subsection.6.1}{\376\377\213\276\213\241\124\057\171\072}{section.6}% 28
\BOOKMARK [2][-]{subsection.6.2}{\376\377\136\163\123\360\133\232\117\115\116\016\123\357\153\324\140\047}{section.6}% 29
\BOOKMARK [2][-]{subsection.6.3}{\376\377\134\100\226\120\116\016\147\052\147\145\135\345\117\134}{section.6}% 30
\BOOKMARK [1][-]{section.7}{\376\377\176\323\213\272}{}% 31
