This is XeTeX, Version 3.141592653-2.6-0.999997 (TeX Live 2025) (preloaded format=xelatex 2025.8.19)  15 AUG 2026 18:21
entering extended mode
 restricted \write18 enabled.
 file:line:error style messages enabled.
 %&-line parsing enabled.
**p:/VSCode-Project/EgoAnchor/2026-EgoAnchor/old/egoanchor_cn_final_v4.tex
(p:/VSCode-Project/EgoAnchor/2026-EgoAnchor/old/egoanchor_cn_final_v4.tex
LaTeX2e <2024-11-01> patch level 2
L3 programming layer <2025-01-18>

! LaTeX Error: File `vgtc.cls' not found.

Type X to quit or <RETURN> to proceed,
or enter new name. (Default extension: cls)

Enter file name: 
p:/VSCode-Project/EgoAnchor/2026-EgoAnchor/old/egoanchor_cn_final_v4.tex:2: Emergency stop.
<read *> 
         
l.2 ^^M
       
*** (cannot \read from terminal in nonstop modes)

 
Here is how much of TeX's memory you used:
 20 strings out of 473832
 525 string characters out of 5733158
 386383 words of memory out of 5000000
 23185 multiletter control sequences out of 15000+600000
 558837 words of font info for 36 fonts, out of 8000000 for 9000
 1348 hyphenation exceptions out of 8191
 19i,0n,29p,132b,17s stack positions out of 10000i,1000n,20000p,200000b,200000s
No pages of output.
