\BOOKMARK [1][]{section.3}{\376\377\137\025\212\000}{}% 1
\BOOKMARK [1][]{section.7}{\376\377\166\370\121\163\135\345\117\134}{}% 2
\BOOKMARK [2][]{subsection.8}{\376\377\000M\000R\000\040\116\055\166\204\133\371\214\141\225\032\133\232\116\016\136\163\123\360\215\337\216\052\147\072\122\066}{section.7}% 3
\BOOKMARK [2][]{subsection.9}{\376\377\0006\000D\000o\000F\000\040\162\151\117\123\131\377\140\001\117\060\213\241\116\016\215\337\216\052}{section.7}% 4
\BOOKMARK [2][]{subsection.10}{\376\377\117\116\145\366\136\366\000\040\000X\000R\000\040\141\037\167\345\116\016\137\002\153\145\174\373\176\337}{section.7}% 5
\BOOKMARK [1][]{section.11}{\376\377\225\356\230\230\133\232\116\111\116\016\174\373\176\337\151\202\211\310}{}% 6
\BOOKMARK [2][]{subsection.12}{\376\377\225\356\230\230\133\232\116\111}{section.11}% 7
\BOOKMARK [2][]{subsection.17}{\376\377\174\373\176\337\147\266\147\204}{section.11}% 8
\BOOKMARK [2][]{subsection.22}{\376\377\145\366\136\217\116\016\127\120\150\007\155\101}{section.11}% 9
\BOOKMARK [1][]{section.23}{\376\377\000E\000g\000o\000A\000n\000c\000h\000o\000r\000\040\145\271\154\325}{}% 10
\BOOKMARK [2][]{subsection.24}{\376\377\145\271\154\325\151\202\211\310}{section.23}% 11
\BOOKMARK [2][]{subsection.28}{\376\377\133\371\214\141\116\055\137\303\141\037\167\345\173\241\176\277}{section.23}% 12
\BOOKMARK [2][]{subsection.33}{\376\377\136\047\133\371\237\120\166\204\116\026\165\114\127\120\150\007\225\032\133\232}{section.23}% 13
\BOOKMARK [2][]{subsection.34}{\376\377\123\357\227\140\140\047\141\037\167\345\166\204\225\032\133\232\146\364\145\260\116\016\140\142\131\015}{section.23}% 14
\BOOKMARK [1][]{section.38}{\376\377\133\236\163\260}{}% 15
\BOOKMARK [2][]{subsection.39}{\376\377\170\154\116\366\116\016\217\157\116\366\163\257\130\203}{section.38}% 16
\BOOKMARK [2][]{subsection.40}{\376\377\217\320\210\114\145\366\173\241\176\277\116\016\220\032\117\341\133\236\163\260}{section.38}% 17
\BOOKMARK [2][]{subsection.41}{\376\377\213\312\145\255\116\016\131\015\163\260\145\057\143\001}{section.38}% 18
\BOOKMARK [1][]{section.42}{\376\377\213\304\117\060}{}% 19
\BOOKMARK [2][]{subsection.43}{\376\377\170\024\172\166\225\356\230\230}{section.42}% 20
\BOOKMARK [2][]{subsection.44}{\376\377\133\236\232\214\213\276\177\156}{section.42}% 21
\BOOKMARK [2][]{subsection.54}{\376\377\213\304\116\367\143\007\150\007}{section.42}% 22
\BOOKMARK [2][]{subsection.55}{\376\377\127\372\176\277\116\016\133\236\232\214\176\304\176\307}{section.42}% 23
\BOOKMARK [1][]{section.59}{\376\377\133\236\232\214\176\323\147\234}{}% 24
\BOOKMARK [2][]{subsection.60}{\376\377\150\070\137\303\145\110\147\234\377\032\225\032\133\232\174\276\136\246\060\001\172\063\133\232\140\047\116\016\145\366\136\366}{section.59}% 25
\BOOKMARK [2][]{subsection.61}{\376\377\121\163\225\056\147\072\122\066\155\210\207\215}{section.59}% 26
\BOOKMARK [2][]{subsection.62}{\376\377\234\201\150\322\140\047\116\016\116\373\122\241\123\357\165\050\140\047}{section.59}% 27
\BOOKMARK [1][]{section.63}{\376\377\213\250\213\272}{}% 28
\BOOKMARK [2][]{subsection.64}{\376\377\116\072\116\300\116\110\123\125\136\047\000\040\000p\000o\000s\000e\000\040\174\276\136\246\116\015\215\263\116\345\211\343\221\312\000\040\000M\000R\000\040\123\357\165\050\140\047}{section.63}% 29
\BOOKMARK [2][]{subsection.65}{\376\377\220\002\165\050\127\072\146\157\116\016\131\061\215\045\152\041\137\017}{section.63}% 30
\BOOKMARK [2][]{subsection.66}{\376\377\134\100\226\120\140\047\116\016\147\052\147\145\135\345\117\134}{section.63}% 31
\BOOKMARK [1][]{section.67}{\376\377\176\323\213\272}{}% 32
