This is pdfTeX, Version 3.141592653-2.6-1.40.27 (TeX Live 2025) (preloaded format=pdflatex 2025.8.19)  12 MAY 2026 20:08
entering extended mode
 restricted \write18 enabled.
 file:line:error style messages enabled.
 %&-line parsing enabled.
**p:/VSCode-Project/EgoAnchor/2026-EgoAnchor/template.tex
(p:/VSCode-Project/EgoAnchor/2026-EgoAnchor/template.tex
LaTeX2e <2024-11-01> patch level 2
L3 programming layer <2025-01-18>
(./vgtc.cls
Document Class: vgtc 2006/05/21 IEEE VGTC
(e:/texlive/2025/texmf-dist/tex/generic/iftex/ifpdf.sty
Package: ifpdf 2019/10/25 v3.4 ifpdf legacy package. Use iftex instead.
 (e:/texlive/2025/texmf-dist/tex/generic/iftex/iftex.sty
Package: iftex 2024/12/12 v1.0g TeX engine tests
)) (e:/texlive/2025/texmf-dist/tex/latex/graphics/graphicx.sty
Package: graphicx 2021/09/16 v1.2d Enhanced LaTeX Graphics (DPC,SPQR)
 (e:/texlive/2025/texmf-dist/tex/latex/graphics/keyval.sty
Package: keyval 2022/05/29 v1.15 key=value parser (DPC)
\KV@toks@=\toks17
) (e:/texlive/2025/texmf-dist/tex/latex/graphics/graphics.sty
Package: graphics 2024/08/06 v1.4g Standard LaTeX Graphics (DPC,SPQR)
 (e:/texlive/2025/texmf-dist/tex/latex/graphics/trig.sty
Package: trig 2023/12/02 v1.11 sin cos tan (DPC)
) (e:/texlive/2025/texmf-dist/tex/latex/graphics-cfg/graphics.cfg
File: graphics.cfg 2016/06/04 v1.11 sample graphics configuration
)
Package graphics Info: Driver file: pdftex.def on input line 106.
 (e:/texlive/2025/texmf-dist/tex/latex/graphics-def/pdftex.def
File: pdftex.def 2024/04/13 v1.2c Graphics/color driver for pdftex
))
\Gin@req@height=\dimen141
\Gin@req@width=\dimen142
) (e:/texlive/2025/texmf-dist/tex/latex/base/article.cls
Document Class: article 2024/06/29 v1.4n Standard LaTeX document class
(e:/texlive/2025/texmf-dist/tex/latex/base/size10.clo
File: size10.clo 2024/06/29 v1.4n Standard LaTeX file (size option)
)
\c@part=\count196
\c@section=\count197
\c@subsection=\count198
\c@subsubsection=\count199
\c@paragraph=\count266
\c@subparagraph=\count267
\c@figure=\count268
\c@table=\count269
\abovecaptionskip=\skip49
\belowcaptionskip=\skip50
\bibindent=\dimen143
)
\captionmargin=\skip51
\bibindent=\dimen144
\bibspacing=\dimen145
 (e:/texlive/2025/texmf-dist/tex/latex/etoolbox/etoolbox.sty
Package: etoolbox 2025/02/11 v2.5l e-TeX tools for LaTeX (JAW)
\etb@tempcnta=\count270
)
\titlespace=\skip52
\teaserspace=\skip53
\abstxtspace=\skip54
\vgtc@copyrightlength=\skip55
) (e:/texlive/2025/texmf-dist/tex/latex/psnfss/times.sty
Package: times 2020/03/25 PSNFSS-v9.3 (SPQR) 
) (e:/texlive/2025/texmf-dist/tex/latex/tabu/tabu.sty
Package: tabu 2019/01/11 v2.9 - flexible LaTeX tabulars (FC+tabu-fixed)
 (e:/texlive/2025/texmf-dist/tex/latex/tools/array.sty
Package: array 2024/10/17 v2.6g Tabular extension package (FMi)
\col@sep=\dimen146
\ar@mcellbox=\box52
\extrarowheight=\dimen147
\NC@list=\toks18
\extratabsurround=\skip56
\backup@length=\skip57
\ar@cellbox=\box53
) (e:/texlive/2025/texmf-dist/tex/latex/varwidth/varwidth.sty
Package: varwidth 2009/03/30 ver 0.92;  Variable-width minipages
\@vwid@box=\box54
\sift@deathcycles=\count271
\@vwid@loff=\dimen148
\@vwid@roff=\dimen149
)
\c@taburow=\count272
\tabu@nbcols=\count273
\tabu@cnt=\count274
\tabu@Xcol=\count275
\tabu@alloc=\count276
\tabu@nested=\count277
\tabu@target=\dimen150
\tabu@spreadtarget=\dimen151
\tabu@naturalX=\dimen152
\tabucolX=\dimen153
\tabu@Xsum=\dimen154
\extrarowdepth=\dimen155
\abovetabulinesep=\dimen156
\belowtabulinesep=\dimen157
\tabustrutrule=\dimen158
\tabu@thebody=\toks19
\tabu@footnotes=\toks20
\tabu@box=\box55
\tabu@arstrutbox=\box56
\tabu@hleads=\box57
\tabu@vleads=\box58
\tabu@cellskip=\skip58
) (e:/texlive/2025/texmf-dist/tex/latex/booktabs/booktabs.sty
Package: booktabs 2020/01/12 v1.61803398 Publication quality tables
\heavyrulewidth=\dimen159
\lightrulewidth=\dimen160
\cmidrulewidth=\dimen161
\belowrulesep=\dimen162
\belowbottomsep=\dimen163
\aboverulesep=\dimen164
\abovetopsep=\dimen165
\cmidrulesep=\dimen166
\cmidrulekern=\dimen167
\defaultaddspace=\dimen168
\@cmidla=\count278
\@cmidlb=\count279
\@aboverulesep=\dimen169
\@belowrulesep=\dimen170
\@thisruleclass=\count280
\@lastruleclass=\count281
\@thisrulewidth=\dimen171
) (e:/texlive/2025/texmf-dist/tex/latex/lipsum/lipsum.sty (e:/texlive/2025/texmf-dist/tex/latex/l3packages/l3keys2e/l3keys2e.sty (e:/texlive/2025/texmf-dist/tex/latex/l3kernel/expl3.sty
Package: expl3 2025-01-18 L3 programming layer (loader) 
 (e:/texlive/2025/texmf-dist/tex/latex/l3backend/l3backend-pdftex.def
File: l3backend-pdftex.def 2024-05-08 L3 backend support: PDF output (pdfTeX)
\l__color_backend_stack_int=\count282
\l__pdf_internal_box=\box59
))
Package: l3keys2e 2024-08-16 LaTeX2e option processing using LaTeX3 keys
)
Package: lipsum 2021-09-20 v2.7 150 paragraphs of Lorem Ipsum dummy text
\g__lipsum_par_int=\count283
\l__lipsum_a_int=\count284
\l__lipsum_b_int=\count285
 (e:/texlive/2025/texmf-dist/tex/latex/lipsum/lipsum.ltd.tex)) (e:/texlive/2025/texmf-dist/tex/latex/mwe/mwe.sty
Package: mwe 2018/03/30 v0.5 Package to support minimal working examples (MWE)
 (e:/texlive/2025/texmf-dist/tex/latex/blindtext/blindtext.sty
Package: blindtext 2012/01/06 V2.0 blindtext-Package
 (e:/texlive/2025/texmf-dist/tex/latex/tools/xspace.sty
Package: xspace 2014/10/28 v1.13 Space after command names (DPC,MH)
)
\c@blindtext=\count286
\c@Blindtext=\count287
\c@blind@countparstart=\count288
\blind@countxx=\count289
\blindtext@numBlindtext=\count290
\blind@countyy=\count291
\c@blindlist=\count292
\c@blindlistlevel=\count293
\c@blindlist@level=\count294
\blind@listitem=\count295
\c@blind@listcount=\count296
\c@blind@levelcount=\count297
\blind@mathformula=\count298
\blind@Mathformula=\count299
\c@blind@randomcount=\count300
\c@blind@randommax=\count301
\c@blind@pangramcount=\count302
\c@blind@pangrammax=\count303
)) (e:/texlive/2025/texmf-dist/tex/latex/psnfss/mathptmx.sty
Package: mathptmx 2020/03/25 PSNFSS-v9.3 Times w/ Math, improved (SPQR, WaS) 
LaTeX Font Info:    Redeclaring symbol font `operators' on input line 28.
LaTeX Font Info:    Overwriting symbol font `operators' in version `normal'
(Font)                  OT1/cmr/m/n --> OT1/ztmcm/m/n on input line 28.
LaTeX Font Info:    Overwriting symbol font `operators' in version `bold'
(Font)                  OT1/cmr/bx/n --> OT1/ztmcm/m/n on input line 28.
LaTeX Font Info:    Redeclaring symbol font `letters' on input line 29.
LaTeX Font Info:    Overwriting symbol font `letters' in version `normal'
(Font)                  OML/cmm/m/it --> OML/ztmcm/m/it on input line 29.
LaTeX Font Info:    Overwriting symbol font `letters' in version `bold'
(Font)                  OML/cmm/b/it --> OML/ztmcm/m/it on input line 29.
LaTeX Font Info:    Redeclaring symbol font `symbols' on input line 30.
LaTeX Font Info:    Overwriting symbol font `symbols' in version `normal'
(Font)                  OMS/cmsy/m/n --> OMS/ztmcm/m/n on input line 30.
LaTeX Font Info:    Overwriting symbol font `symbols' in version `bold'
(Font)                  OMS/cmsy/b/n --> OMS/ztmcm/m/n on input line 30.
LaTeX Font Info:    Redeclaring symbol font `largesymbols' on input line 31.
LaTeX Font Info:    Overwriting symbol font `largesymbols' in version `normal'
(Font)                  OMX/cmex/m/n --> OMX/ztmcm/m/n on input line 31.
LaTeX Font Info:    Overwriting symbol font `largesymbols' in version `bold'
(Font)                  OMX/cmex/m/n --> OMX/ztmcm/m/n on input line 31.
\symbold=\mathgroup4
\symitalic=\mathgroup5
LaTeX Font Info:    Redeclaring math alphabet \mathbf on input line 34.
LaTeX Font Info:    Overwriting math alphabet `\mathbf' in version `normal'
(Font)                  OT1/cmr/bx/n --> OT1/ptm/bx/n on input line 34.
LaTeX Font Info:    Overwriting math alphabet `\mathbf' in version `bold'
(Font)                  OT1/cmr/bx/n --> OT1/ptm/bx/n on input line 34.
LaTeX Font Info:    Redeclaring math alphabet \mathit on input line 35.
LaTeX Font Info:    Overwriting math alphabet `\mathit' in version `normal'
(Font)                  OT1/cmr/m/it --> OT1/ptm/m/it on input line 35.
LaTeX Font Info:    Overwriting math alphabet `\mathit' in version `bold'
(Font)                  OT1/cmr/bx/it --> OT1/ptm/m/it on input line 35.
LaTeX Info: Redefining \hbar on input line 50.
) (e:/texlive/2025/texmf-dist/tex/latex/hyperref/hyperref.sty
Package: hyperref 2024-11-05 v7.01l Hypertext links for LaTeX
 (e:/texlive/2025/texmf-dist/tex/latex/kvsetkeys/kvsetkeys.sty
Package: kvsetkeys 2022-10-05 v1.19 Key value parser (HO)
) (e:/texlive/2025/texmf-dist/tex/generic/kvdefinekeys/kvdefinekeys.sty
Package: kvdefinekeys 2019-12-19 v1.6 Define keys (HO)
) (e:/texlive/2025/texmf-dist/tex/generic/pdfescape/pdfescape.sty
Package: pdfescape 2019/12/09 v1.15 Implements pdfTeX's escape features (HO)
 (e:/texlive/2025/texmf-dist/tex/generic/ltxcmds/ltxcmds.sty
Package: ltxcmds 2023-12-04 v1.26 LaTeX kernel commands for general use (HO)
) (e:/texlive/2025/texmf-dist/tex/generic/pdftexcmds/pdftexcmds.sty
Package: pdftexcmds 2020-06-27 v0.33 Utility functions of pdfTeX for LuaTeX (HO)
 (e:/texlive/2025/texmf-dist/tex/generic/infwarerr/infwarerr.sty
Package: infwarerr 2019/12/03 v1.5 Providing info/warning/error messages (HO)
)
Package pdftexcmds Info: \pdf@primitive is available.
Package pdftexcmds Info: \pdf@ifprimitive is available.
Package pdftexcmds Info: \pdfdraftmode found.
)) (e:/texlive/2025/texmf-dist/tex/latex/hycolor/hycolor.sty
Package: hycolor 2020-01-27 v1.10 Color options for hyperref/bookmark (HO)
) (e:/texlive/2025/texmf-dist/tex/latex/hyperref/nameref.sty
Package: nameref 2023-11-26 v2.56 Cross-referencing by name of section
 (e:/texlive/2025/texmf-dist/tex/latex/refcount/refcount.sty
Package: refcount 2019/12/15 v3.6 Data extraction from label references (HO)
) (e:/texlive/2025/texmf-dist/tex/generic/gettitlestring/gettitlestring.sty
Package: gettitlestring 2019/12/15 v1.6 Cleanup title references (HO)
 (e:/texlive/2025/texmf-dist/tex/latex/kvoptions/kvoptions.sty
Package: kvoptions 2022-06-15 v3.15 Key value format for package options (HO)
))
\c@section@level=\count304
) (e:/texlive/2025/texmf-dist/tex/generic/stringenc/stringenc.sty
Package: stringenc 2019/11/29 v1.12 Convert strings between diff. encodings (HO)
)
\@linkdim=\dimen172
\Hy@linkcounter=\count305
\Hy@pagecounter=\count306
 (e:/texlive/2025/texmf-dist/tex/latex/hyperref/pd1enc.def
File: pd1enc.def 2024-11-05 v7.01l Hyperref: PDFDocEncoding definition (HO)
Now handling font encoding PD1 ...
... no UTF-8 mapping file for font encoding PD1
) (e:/texlive/2025/texmf-dist/tex/generic/intcalc/intcalc.sty
Package: intcalc 2019/12/15 v1.3 Expandable calculations with integers (HO)
)
\Hy@SavedSpaceFactor=\count307
 (e:/texlive/2025/texmf-dist/tex/latex/hyperref/puenc.def
File: puenc.def 2024-11-05 v7.01l Hyperref: PDF Unicode definition (HO)
Now handling font encoding PU ...
... no UTF-8 mapping file for font encoding PU
)
Package hyperref Info: Option `bookmarks' set `true' on input line 4040.
Package hyperref Info: Hyper figures OFF on input line 4157.
Package hyperref Info: Link nesting OFF on input line 4162.
Package hyperref Info: Hyper index ON on input line 4165.
Package hyperref Info: Plain pages OFF on input line 4172.
Package hyperref Info: Backreferencing ON on input line 4175.
Package hyperref Info: Implicit mode ON; LaTeX internals redefined.
Package hyperref Info: Bookmarks ON on input line 4424.
 (e:/texlive/2025/texmf-dist/tex/latex/hyperref/backref.sty
Package: backref 2023-11-26 v1.44 Bibliographical back referencing
 (e:/texlive/2025/texmf-dist/tex/latex/rerunfilecheck/rerunfilecheck.sty
Package: rerunfilecheck 2022-07-10 v1.10 Rerun checks for auxiliary files (HO)
 (e:/texlive/2025/texmf-dist/tex/latex/base/atveryend-ltx.sty
Package: atveryend-ltx 2020/08/19 v1.0a Emulation of the original atveryend package
with kernel methods
) (e:/texlive/2025/texmf-dist/tex/generic/uniquecounter/uniquecounter.sty
Package: uniquecounter 2019/12/15 v1.4 Provide unlimited unique counter (HO)
 (e:/texlive/2025/texmf-dist/tex/generic/bigintcalc/bigintcalc.sty
Package: bigintcalc 2019/12/15 v1.5 Expandable calculations on big integers (HO)
))
Package uniquecounter Info: New unique counter `rerunfilecheck' on input line 285.
))
\c@Hy@tempcnt=\count308
 (e:/texlive/2025/texmf-dist/tex/latex/url/url.sty
\Urlmuskip=\muskip17
Package: url 2013/09/16  ver 3.4  Verb mode for urls, etc.
)
LaTeX Info: Redefining \url on input line 4763.
\XeTeXLinkMargin=\dimen173
 (e:/texlive/2025/texmf-dist/tex/generic/bitset/bitset.sty
Package: bitset 2019/12/09 v1.3 Handle bit-vector datatype (HO)
)
\Fld@menulength=\count309
\Field@Width=\dimen174
\Fld@charsize=\dimen175
Package hyperref Info: Hyper figures OFF on input line 6042.
Package hyperref Info: Link nesting OFF on input line 6047.
Package hyperref Info: Hyper index ON on input line 6050.
Package hyperref Info: backreferencing ON on input line 6055.
Package hyperref Info: Link coloring OFF on input line 6062.
Package hyperref Info: Link coloring with OCG OFF on input line 6067.
Package hyperref Info: PDF/A mode OFF on input line 6072.
 (e:/texlive/2025/texmf-dist/tex/latex/base/atbegshi-ltx.sty
Package: atbegshi-ltx 2021/01/10 v1.0c Emulation of the original atbegshi
package with kernel methods
)
\Hy@abspage=\count310
\c@Item=\count311
\c@Hfootnote=\count312
)
Package hyperref Info: Driver (autodetected): hpdftex.
 (e:/texlive/2025/texmf-dist/tex/latex/hyperref/hpdftex.def
File: hpdftex.def 2024-11-05 v7.01l Hyperref driver for pdfTeX
\Fld@listcount=\count313
\c@bookmark@seq@number=\count314
\Hy@SectionHShift=\skip59
) (e:/texlive/2025/texmf-dist/tex/latex/hypcap/hypcap.sty
Package: hypcap 2024-07-26 v1.13 Adjusting the anchors of captions (HO)
 (e:/texlive/2025/texmf-dist/tex/latex/letltxmacro/letltxmacro.sty
Package: letltxmacro 2019/12/03 v1.6 Let assignment for LaTeX macros (HO)
)) (e:/texlive/2025/texmf-dist/tex/latex/xcolor/xcolor.sty
Package: xcolor 2024/09/29 v3.02 LaTeX color extensions (UK)
 (e:/texlive/2025/texmf-dist/tex/latex/graphics-cfg/color.cfg
File: color.cfg 2016/01/02 v1.6 sample color configuration
)
Package xcolor Info: Driver file: pdftex.def on input line 274.
 (e:/texlive/2025/texmf-dist/tex/latex/graphics/mathcolor.ltx)
Package xcolor Info: Model `cmy' substituted by `cmy0' on input line 1349.
Package xcolor Info: Model `hsb' substituted by `rgb' on input line 1353.
Package xcolor Info: Model `RGB' extended on input line 1365.
Package xcolor Info: Model `HTML' substituted by `rgb' on input line 1367.
Package xcolor Info: Model `Hsb' substituted by `hsb' on input line 1368.
Package xcolor Info: Model `tHsb' substituted by `hsb' on input line 1369.
Package xcolor Info: Model `HSB' substituted by `hsb' on input line 1370.
Package xcolor Info: Model `Gray' substituted by `gray' on input line 1371.
Package xcolor Info: Model `wave' substituted by `hsb' on input line 1372.
) (e:/texlive/2025/texmf-dist/tex/latex/xcolor/svgnam.def
File: svgnam.def 2024/09/29 v3.02 Predefined colors according to SVG 1.1 (UK)
)
Package hyperref Info: Option `pageanchor' set `true' on input line 50.
Package hyperref Info: Option `plainpages' set `false' on input line 50.
Package hyperref Info: Option `hypertexnames' set `false' on input line 50.
Package hyperref Info: Option `bookmarksnumbered' set `false' on input line 50.
Package hyperref Info: Option `bookmarksopen' set `true' on input line 50.
Package hyperref Info: Option `breaklinks' set `true' on input line 50.
Package hyperref Info: Option `colorlinks' set `true' on input line 50.
Package hyperref Info: Option `nesting' set `true' on input line 50.
Package hyperref Info: Option `linktocpage' set `true' on input line 50.
Package hyperref Info: Option `pdfdisplaydoctitle' set `true' on input line 50.
 (e:/texlive/2025/texmf-dist/tex/latex/cleveref/cleveref.sty
Package: cleveref 2018/03/27 v0.21.4 Intelligent cross-referencing
Package cleveref Info: `hyperref' support loaded on input line 2370.
LaTeX Info: Redefining \cref on input line 2370.
LaTeX Info: Redefining \Cref on input line 2370.
LaTeX Info: Redefining \crefrange on input line 2370.
LaTeX Info: Redefining \Crefrange on input line 2370.
LaTeX Info: Redefining \cpageref on input line 2370.
LaTeX Info: Redefining \Cpageref on input line 2370.
LaTeX Info: Redefining \cpagerefrange on input line 2370.
LaTeX Info: Redefining \Cpagerefrange on input line 2370.
LaTeX Info: Redefining \labelcref on input line 2370.
LaTeX Info: Redefining \labelcpageref on input line 2370.
Package cleveref Info: always capitalise cross-reference names on input line 7825.
Package cleveref Info: include cross-reference names in hyperlinks on input line 7836.
Package cleveref Info: include cross-reference names in hyperlinks on input line 7852.
Package cleveref Info: always capitalise cross-reference names on input line 7852.
)
LaTeX Font Info:    Trying to load font information for OT1+ptm on input line 110.
 (e:/texlive/2025/texmf-dist/tex/latex/psnfss/ot1ptm.fd
File: ot1ptm.fd 2001/06/04 font definitions for OT1/ptm.
) (pdf/template.aux)
\openout1 = `template.aux'.

LaTeX Font Info:    Checking defaults for OML/cmm/m/it on input line 110.
LaTeX Font Info:    ... okay on input line 110.
LaTeX Font Info:    Checking defaults for OMS/cmsy/m/n on input line 110.
LaTeX Font Info:    ... okay on input line 110.
LaTeX Font Info:    Checking defaults for OT1/cmr/m/n on input line 110.
LaTeX Font Info:    ... okay on input line 110.
LaTeX Font Info:    Checking defaults for T1/cmr/m/n on input line 110.
LaTeX Font Info:    ... okay on input line 110.
LaTeX Font Info:    Checking defaults for TS1/cmr/m/n on input line 110.
LaTeX Font Info:    ... okay on input line 110.
LaTeX Font Info:    Checking defaults for OMX/cmex/m/n on input line 110.
LaTeX Font Info:    ... okay on input line 110.
LaTeX Font Info:    Checking defaults for U/cmr/m/n on input line 110.
LaTeX Font Info:    ... okay on input line 110.
LaTeX Font Info:    Checking defaults for PD1/pdf/m/n on input line 110.
LaTeX Font Info:    ... okay on input line 110.
LaTeX Font Info:    Checking defaults for PU/pdf/m/n on input line 110.
LaTeX Font Info:    ... okay on input line 110.
 (e:/texlive/2025/texmf-dist/tex/context/base/mkii/supp-pdf.mkii
[Loading MPS to PDF converter (version 2006.09.02).]
\scratchcounter=\count315
\scratchdimen=\dimen176
\scratchbox=\box60
\nofMPsegments=\count316
\nofMParguments=\count317
\everyMPshowfont=\toks21
\MPscratchCnt=\count318
\MPscratchDim=\dimen177
\MPnumerator=\count319
\makeMPintoPDFobject=\count320
\everyMPtoPDFconversion=\toks22
) (e:/texlive/2025/texmf-dist/tex/latex/epstopdf-pkg/epstopdf-base.sty
Package: epstopdf-base 2020-01-24 v2.11 Base part for package epstopdf
 (e:/texlive/2025/texmf-dist/tex/latex/grfext/grfext.sty
Package: grfext 2019/12/03 v1.3 Manage graphics extensions (HO)
)
Package epstopdf-base Info: Redefining graphics rule for `.eps' on input line 485.
Package grfext Info: Graphics extension search list:
(grfext)             [.pdf,.png,.jpg,.jpeg,.eps]
(grfext)             \AppendGraphicsExtensions on input line 504.
 (e:/texlive/2025/texmf-dist/tex/latex/latexconfig/epstopdf-sys.cfg
File: epstopdf-sys.cfg 2010/07/13 v1.3 Configuration of (r)epstopdf for TeX Live
))
\big@size=\dimen178
Package hyperref Info: Link coloring ON on input line 110.
 (pdf/template.out) (pdf/template.out)
\@outlinefile=\write3
\openout3 = `template.out'.

LaTeX Font Info:    Trying to load font information for OT1+phv on input line 119.
 (e:/texlive/2025/texmf-dist/tex/latex/psnfss/ot1phv.fd
File: ot1phv.fd 2020/03/25 scalable font definitions for OT1/phv.
)
LaTeX Font Info:    Trying to load font information for OT1+ztmcm on input line 119.
 (e:/texlive/2025/texmf-dist/tex/latex/psnfss/ot1ztmcm.fd
File: ot1ztmcm.fd 2000/01/03 Fontinst v1.801 font definitions for OT1/ztmcm.
)
LaTeX Font Info:    Trying to load font information for OML+ztmcm on input line 119.
 (e:/texlive/2025/texmf-dist/tex/latex/psnfss/omlztmcm.fd
File: omlztmcm.fd 2000/01/03 Fontinst v1.801 font definitions for OML/ztmcm.
)
LaTeX Font Info:    Trying to load font information for OMS+ztmcm on input line 119.
 (e:/texlive/2025/texmf-dist/tex/latex/psnfss/omsztmcm.fd
File: omsztmcm.fd 2000/01/03 Fontinst v1.801 font definitions for OMS/ztmcm.
)
LaTeX Font Info:    Trying to load font information for OMX+ztmcm on input line 119.
 (e:/texlive/2025/texmf-dist/tex/latex/psnfss/omxztmcm.fd
File: omxztmcm.fd 2000/01/03 Fontinst v1.801 font definitions for OMX/ztmcm.
)
LaTeX Font Info:    Font shape `OT1/ptm/bx/n' in size <10> not available
(Font)              Font shape `OT1/ptm/b/n' tried instead on input line 119.
LaTeX Font Info:    Font shape `OT1/ptm/bx/n' in size <7.4> not available
(Font)              Font shape `OT1/ptm/b/n' tried instead on input line 119.
LaTeX Font Info:    Font shape `OT1/ptm/bx/n' in size <6> not available
(Font)              Font shape `OT1/ptm/b/n' tried instead on input line 119.
LaTeX Font Info:    Trying to load font information for TS1+ptm on input line 119.
 (e:/texlive/2025/texmf-dist/tex/latex/psnfss/ts1ptm.fd
File: ts1ptm.fd 2001/06/04 font definitions for TS1/ptm.
)
\abstractwidth=\skip60
<figures/CypressView.jpg, id=52, 1260.71pt x 497.86pt>
File: figures/CypressView.jpg Graphic file (type jpg)
<use figures/CypressView.jpg>
Package pdftex.def Info: figures/CypressView.jpg  used on input line 119.
(pdftex.def)             Requested size: 458.19154pt x 180.93872pt.
LaTeX Font Info:    Font shape `OT1/ptm/bx/n' in size <8> not available
(Font)              Font shape `OT1/ptm/b/n' tried instead on input line 119.
LaTeX Font Info:    Font shape `OT1/ptm/bx/n' in size <5> not available
(Font)              Font shape `OT1/ptm/b/n' tried instead on input line 119.
LaTeX Font Info:    Trying to load font information for OT1+txtt on input line 126.
 (e:/texlive/2025/texmf-dist/tex/latex/txfonts/ot1txtt.fd
File: ot1txtt.fd 2000/12/15 v3.1
)
LaTeX Font Info:    Trying to load font information for OMS+txtt on input line 126.
LaTeX Font Info:    No file OMStxtt.fd. on input line 126.


LaTeX Font Warning: Font shape `OMS/txtt/m/n' undefined
(Font)              using `OMS/cmsy/m/n' instead
(Font)              for symbol `textbackslash' on input line 126.


Underfull \hbox (badness 10000) in paragraph at lines 126--127
\OT1/txtt/m/n/9 ifpdf Error: Name clash, \OMS/txtt/m/n/9 n\OT1/txtt/m/n/9 ifpdf is already
 []


Underfull \hbox (badness 3746) in paragraph at lines 127--128
[]\OT1/ptm/m/n/9 The style uses the hy-per-ref pack-age, thus turns ref-
 []


Underfull \hbox (badness 3601) in paragraph at lines 127--128
\OT1/ptm/m/n/9 er-ences into in-ter-nal links. We thus rec-om-mend to
 []


Underfull \hbox (badness 6608) in paragraph at lines 127--128
\OT1/ptm/m/n/9 make use of the ``\OMS/txtt/m/n/9 n\OT1/txtt/m/n/9 cref\OMS/txtt/m/n/9 f\OT1/txtt/m/n/9 reference\OMS/txtt/m/n/9 g\OT1/ptm/m/n/9 '' call (in-stead
 []


Underfull \hbox (badness 10000) in paragraph at lines 127--128
\OT1/ptm/m/n/9 of ``\OT1/txtt/m/n/9 Figure~\OMS/txtt/m/n/9 n\OT1/txtt/m/n/9 ref\OMS/txtt/m/n/9 f\OT1/txtt/m/n/9 reference\OMS/txtt/m/n/9 g\OT1/ptm/m/n/9 '' or sim-i-lar) since
 []


Underfull \hbox (badness 10000) in paragraph at lines 127--128
\OT1/ptm/m/n/9 ``\OMS/txtt/m/n/9 n\OT1/txtt/m/n/9 cref\OMS/txtt/m/n/9 f\OT1/txtt/m/n/9 reference\OMS/txtt/m/n/9 g\OT1/ptm/m/n/9 '' turns the en-tire ref-er-ence into
 []



LaTeX Font Info:    Font shape `OT1/ptm/bx/n' in size <9> not available
(Font)              Font shape `OT1/ptm/b/n' tried instead on input line 128.
LaTeX Font Info:    Font shape `OT1/ptm/bx/n' in size <7> not available
(Font)              Font shape `OT1/ptm/b/n' tried instead on input line 128.

Underfull \hbox (badness 1924) in paragraph at lines 128--129
[]\OT1/ptm/m/n/9 The style au-to-mat-i-cally looks for im-age files with the
 []


Underfull \hbox (badness 6316) in paragraph at lines 128--129
\OT1/ptm/m/n/9 cor-rect ex-ten-sion (eps for reg-u-lar L[]T[]X; pdf, png,
 []


Underfull \hbox (badness 6220) in paragraph at lines 128--129
\OT1/ptm/m/n/9 and jpg for pdfL[]T[]X), in a set of given sub-fold-
 []


Underfull \hbox (badness 2142) in paragraph at lines 128--129
\OT1/ptm/m/n/9 ers (fig-ures/, pic-tures/, im-ages/). It is thus suf-fi-cient
 []


Underfull \hbox (badness 1163) in paragraph at lines 128--129
\OT1/ptm/m/n/9 to use ``\OMS/txtt/m/n/9 n\OT1/txtt/m/n/9 includegraphics\OMS/txtt/m/n/9 f\OT1/txtt/m/n/9 CypressView\OMS/txtt/m/n/9 g\OT1/ptm/m/n/9 '' (in-stead of
 []


Underfull \hbox (badness 10000) in paragraph at lines 129--133
[]\OT1/ptm/m/n/9 For adding hy-per-links and DOIs to
 []


Underfull \hbox (badness 10000) in paragraph at lines 129--133
\OT1/ptm/m/n/9 the list of ref-er-ences, you can use
 []


Underfull \hbox (badness 10000) in paragraph at lines 129--133
\OT1/ptm/m/n/9 ``\OMS/txtt/m/n/9 n\OT1/txtt/m/n/9 bibliographystyle\OMS/txtt/m/n/9 f\OT1/txtt/m/n/9 abbrv-doi-hyperref-narrow\OMS/txtt/m/n/9 g\OT1/ptm/m/n/9 ''
 []


Underfull \hbox (badness 1342) in paragraph at lines 129--133
\OT1/ptm/m/n/9 hyper-linked bibT[]X style may lead to \OT1/ptm/b/n/9 com-pi-la-tion er-
 []


Underfull \hbox (badness 10000) in paragraph at lines 129--133
\OT1/ptm/b/n/9 rors \OT1/ptm/m/n/9 (``\OT1/txtt/m/n/9 pdfendlink ended up in different nesting
 []


Underfull \hbox (badness 10000) in paragraph at lines 129--133
\OT1/ptm/m/n/9 ``\OMS/txtt/m/n/9 n\OT1/txtt/m/n/9 bibliographystyle\OMS/txtt/m/n/9 f\OT1/txtt/m/n/9 abbrv-doi-hyperref-narrow\OMS/txtt/m/n/9 g\OT1/ptm/m/n/9 ''
 []



[1{e:/texlive/2025/texmf-var/fonts/map/pdftex/updmap/pdftex.map}{e:/texlive/2025/texmf-dist/fonts/enc/dvips/base/8r.enc}


 <./figures/CypressView.jpg>]
LaTeX Font Info:    Trying to load font information for OMS+ptm on input line 150.
 (e:/texlive/2025/texmf-dist/tex/latex/psnfss/omsptm.fd
File: omsptm.fd 
)
LaTeX Font Info:    Font shape `OMS/ptm/m/n' in size <9> not available
(Font)              Font shape `OMS/cmsy/m/n' tried instead on input line 150.

Underfull \hbox (badness 10000) in paragraph at lines 157--158
[]\OT1/ptm/m/n/9 abbreviated pro-ceed-ings name: e.g., ``Proc.\OMS/cmsy/m/n/9 n
 []


Underfull \hbox (badness 2418) in paragraph at lines 157--158
\OT1/ptm/m/n/9 CONF[]ACRONYNM'' with-out the year; ex-am-ple:
 []


Underfull \hbox (badness 2181) in paragraph at lines 162--163
[]\OT1/ptm/m/n/9 article/paper ti-tle con-ven-tion: re-frain from us-ing curly
 []




Underfull \hbox (badness 10000) in paragraph at lines 193--193
[]\OT1/ptm/m/n/7 You can use
 []


Underfull \hbox (badness 10000) in paragraph at lines 193--193
\OT1/ptm/m/n/7 the mar-gins
 []


Underfull \hbox (badness 10000) in paragraph at lines 193--193
\OT1/ptm/m/n/7 for com-ments
 []


Underfull \hbox (badness 10000) in paragraph at lines 193--193
\OT1/ptm/m/n/7 sub-mis-sion, but
 []


Underfull \hbox (badness 10000) in paragraph at lines 193--193
\OT1/ptm/m/n/7 please re-move
 []


Underfull \hbox (badness 10000) in paragraph at lines 193--193
\OT1/ptm/m/n/7 the margin-par
 []


Underfull \hbox (badness 10000) in paragraph at lines 193--193
\OT1/ptm/m/n/7 com-ments for
 []


Underfull \hbox (badness 1205) in paragraph at lines 193--207
\OT1/ptm/m/n/9 Lorem ip-sum do-lor sit amet, con-sete-tur sadip-sc-ing elitr, sed
 []



[2]
Overfull \hbox (0.62288pt too wide) in paragraph at lines 247--282
 [][] 
 []



<figures/paper-count-2016.pdf, id=100, 1609.68246pt x 767.04898pt>
File: figures/paper-count-2016.pdf Graphic file (type pdf)
<use figures/paper-count-2016.pdf>
Package pdftex.def Info: figures/paper-count-2016.pdf  used on input line 302.
(pdftex.def)             Requested size: 240.94499pt x 114.8066pt.


[3 <./figures/paper-count-2016.pdf>] (pdf/template.bbl (pdf/template.brf)
\tf@brf=\write4
\openout4 = `template.brf'.

)



[4

] (pdf/template.aux)
 ***********
LaTeX2e <2024-11-01> patch level 2
L3 programming layer <2025-01-18>
 ***********


LaTeX Font Warning: Some font shapes were not available, defaults substituted.

Package rerunfilecheck Info: File `template.out' has not changed.
(rerunfilecheck)             Checksum: ECAE52BABED69372205E344444069AA3;2034.
Package rerunfilecheck Info: File `template.brf' has not changed.
(rerunfilecheck)             Checksum: 7C987BC82C36372D9A436AAC87B9F7EE;674.
 ) 
Here is how much of TeX's memory you used:
 13347 strings out of 473190
 223534 string characters out of 5719979
 784650 words of memory out of 5000000
 36347 multiletter control sequences out of 15000+600000
 609350 words of font info for 125 fonts, out of 8000000 for 9000
 1141 hyphenation exceptions out of 8191
 91i,13n,93p,773b,519s stack positions out of 10000i,1000n,20000p,200000b,200000s
<e:/texlive/2025/texmf-dist/fonts/type1/public/amsfonts/cm/cmr10.pfb><e:/texlive/2025/texmf-dist/fonts/type1/public/amsfonts/cm/cmsy9.pfb><e:/texlive/2025/texmf-dist/fonts/type1/public/txfonts/txtt.pfb><e:/texlive/2025/texmf-dist/fonts/type1/urw/helvetic/uhvb8a.pfb><e:/texlive/2025/texmf-dist/fonts/type1/urw/helvetic/uhvr8a.pfb><e:/texlive/2025/texmf-dist/fonts/type1/urw/symbol/usyr.pfb><e:/texlive/2025/texmf-dist/fonts/type1/urw/times/utmb8a.pfb><e:/texlive/2025/texmf-dist/fonts/type1/urw/times/utmbi8a.pfb><e:/texlive/2025/texmf-dist/fonts/type1/urw/times/utmr8a.pfb><e:/texlive/2025/texmf-dist/fonts/type1/urw/times/utmri8a.pfb>
Output written on pdf/template.pdf (4 pages, 685134 bytes).
PDF statistics:
 403 PDF objects out of 1000 (max. 8388607)
 302 compressed objects within 4 object streams
 36 named destinations out of 1000 (max. 500000)
 107 words of extra memory for PDF output out of 10000 (max. 10000000)

